=== reanalysis (bins 5,10,20) ===
Loaded 55,454 responses from 60 participants
  fitting bin=5 ...
  fitting bin=10 ...
  fitting bin=20 ...

Wrote 60 individual profiles to /Users/davidjcox/Documents/ResearchRepos/artificial-organisms/BehavioralDynamics/eigenvectors-and-eigenvalues/reanalysis/outputs
 bin_clicks  transitions_per_participant  median_skill_A_i  frac_beating_persistence  median_spectral_radius  median_eigvec_stability  median_early_late_cosine  frac_switch_rate_noise
          5                        188.5             0.378                     0.950                   0.612                    0.962                     0.487                   0.650
         10                         92.5             0.291                     0.917                   0.656                    0.957                     0.507                   0.574
         20                         44.5             0.222                     0.857                   0.705                    0.934                     0.464                   0.420
=== design simulation, bin=10 ===
  [1/20] mmh0ozswyuhptg  rho=0.603
  [2/20] mmgnnwigzcjcjb  rho=0.693
  [3/20] mmgpqa167a1xfr  rho=0.451
  [4/20] mmh0pj6zzym52u  rho=0.628
  [5/20] mmgp4tj5u4fkle  rho=0.715
  [6/20] mmgp978sldfue2  rho=0.507
  [7/20] mmh1qje9iflk26  rho=0.366
  [8/20] mmh0uacr2t1xyl  rho=0.373
  [9/20] mmh28cu8c2h59x  rho=0.896
  [10/20] mmh0l48dxf0unl  rho=0.529
  [11/20] mmh0lku3somrj2  rho=0.489
  [12/20] mmh0x9u4xp8fu3  rho=0.595
  [13/20] mmh0r154q42czx  rho=0.533
  [14/20] mmgkzukxhc834b  rho=0.604
  [15/20] mmh0tro0xy62is  rho=0.292
  [16/20] mmh0lgopisagl1  rho=0.670
  [17/20] mmgp4bc8msbt9i  rho=0.753
  [18/20] mmh0r34ra4dkeq  rho=0.528
  [19/20] mmgpiq4cdgzv0g  rho=0.888
  [20/20] mmh0l2c7qmhy45  rho=0.351

--- replication floor ---
 n_transitions  same_operator_cosine_median  same_operator_cosine_p05  same_operator_cosine_p95  same_operator_angle_median  cosine_to_truth_median  frac_recovering_truth_at_0.9  rho_abs_error_median  rho_bias  frac_rho_within_0.05
            10                        0.496                     0.052                     0.940                      41.600                   0.581                         0.158                 0.120     0.088                 0.207
            15                        0.552                     0.053                     0.952                      38.616                   0.710                         0.210                 0.108     0.026                 0.245
            20                        0.565                     0.062                     0.962                      36.089                   0.742                         0.250                 0.100    -0.009                 0.245
            30                        0.617                     0.072                     0.974                      32.441                   0.822                         0.358                 0.093    -0.033                 0.280
            40                        0.735                     0.087                     0.982                      30.029                   0.839                         0.388                 0.093    -0.049                 0.270
            60                        0.804                     0.110                     0.986                      28.088                   0.899                         0.502                 0.086    -0.060                 0.307
            80                        0.838                     0.150                     0.989                      25.088                   0.945                         0.595                 0.083    -0.069                 0.322
           120                        0.885                     0.257                     0.993                      21.026                   0.962                         0.615                 0.073    -0.074                 0.342

--- discrimination ---
 n_transitions  same_cosine_median  diff_cosine_median   auc
            10               0.518               0.439 0.560
            15               0.545               0.430 0.589
            20               0.580               0.430 0.631
            30               0.634               0.403 0.668
            40               0.724               0.382 0.736
            60               0.779               0.366 0.792
            80               0.822               0.347 0.859
           120               0.891               0.324 0.899

--- recovery ---
 n_pre_transitions  recovery_forecast_skill_median  frac_skill_positive  half_life_abs_error_median
                10                           0.610                0.952                       0.613
                15                           0.666                0.965                       0.439
                20                           0.697                0.982                       0.396
                30                           0.722                0.985                       0.309
                40                           0.738                0.988                       0.316
                60                           0.753                0.990                       0.298
                80                           0.752                0.990                       0.277
               120                           0.764                0.990                       0.265
=== design simulation, bin=5 ===
  [1/20] mmh0ozswyuhptg  rho=0.510
  [2/20] mmgnnwigzcjcjb  rho=0.668
  [3/20] mmgpqa167a1xfr  rho=0.483
  [4/20] mmh0pj6zzym52u  rho=0.270
  [5/20] mmgp4tj5u4fkle  rho=0.724
  [6/20] mmgp978sldfue2  rho=0.524
  [7/20] mmh1qje9iflk26  rho=0.321
  [8/20] mmh0uacr2t1xyl  rho=0.493
  [9/20] mmh28cu8c2h59x  rho=0.454
  [10/20] mmh0l48dxf0unl  rho=0.691
  [11/20] mmh0lku3somrj2  rho=0.525
  [12/20] mmh0x9u4xp8fu3  rho=0.544
  [13/20] mmh0r154q42czx  rho=0.507
  [14/20] mmgkzukxhc834b  rho=0.341
  [15/20] mmh0tro0xy62is  rho=0.423
  [16/20] mmh0lgopisagl1  rho=0.460
  [17/20] mmgp4bc8msbt9i  rho=0.665
  [18/20] mmh0r34ra4dkeq  rho=0.449
  [19/20] mmgpiq4cdgzv0g  rho=0.929
  [20/20] mmh0l2c7qmhy45  rho=0.436

--- replication floor ---
 n_transitions  same_operator_cosine_median  same_operator_cosine_p05  same_operator_cosine_p95  same_operator_angle_median  cosine_to_truth_median  frac_recovering_truth_at_0.9  rho_abs_error_median  rho_bias  frac_rho_within_0.05
            10                        0.417                     0.046                     0.911                      45.381                   0.397                         0.057                 0.132     0.131                 0.193
            15                        0.488                     0.049                     0.933                      42.619                   0.470                         0.102                 0.104     0.060                 0.260
            20                        0.490                     0.053                     0.928                      42.232                   0.516                         0.140                 0.092     0.019                 0.273
            30                        0.500                     0.057                     0.953                      40.290                   0.656                         0.217                 0.083    -0.025                 0.300
            40                        0.548                     0.058                     0.961                      38.147                   0.675                         0.268                 0.085    -0.047                 0.292
            60                        0.651                     0.066                     0.974                      36.134                   0.805                         0.377                 0.080    -0.065                 0.313
            80                        0.715                     0.080                     0.978                      31.785                   0.862                         0.437                 0.091    -0.077                 0.305
           120                        0.834                     0.104                     0.986                      26.475                   0.924                         0.567                 0.085    -0.085                 0.328

--- discrimination ---
 n_transitions  same_cosine_median  diff_cosine_median   auc
            10               0.436               0.434 0.516
            15               0.457               0.432 0.525
            20               0.472               0.433 0.534
            30               0.496               0.419 0.572
            40               0.542               0.427 0.596
            60               0.638               0.425 0.648
            80               0.709               0.411 0.679
           120               0.799               0.373 0.748

--- recovery ---
 n_pre_transitions  recovery_forecast_skill_median  frac_skill_positive  half_life_abs_error_median
                10                           0.580                0.923                       0.524
                15                           0.654                0.972                       0.305
                20                           0.693                0.975                       0.252
                30                           0.715                0.977                       0.233
                40                           0.736                0.982                       0.228
                60                           0.737                0.982                       0.218
                80                           0.755                0.983                       0.225
               120                           0.760                0.980                       0.214
=== done ===
