  [1/16] mmh0wavy3sc671
  [2/16] mmgpqa167a1xfr
  [3/16] mmh0le5hzjr146
  [4/16] mmh0uacr2t1xyl
  [5/16] mmgpy8l4j84vky
  [6/16] mmgp4bc8msbt9i
  [7/16] mmgkzukxhc834b
  [8/16] mmh1tezpvosjbe
  [9/16] mmgp978sldfue2
  [11/16] mmgp4tj5u4fkle
  [12/16] mmh0r154q42czx
  [13/16] mmh0m3laciusns
  [14/16] mmh16ou0zfjy3u
  [15/16] mmh1eq08p9ct0c
  [16/16] mmh0vh7hlj07vq
 n_transitions  2D_choice_reward  2D_choice_switch  3D_no_ici  3D_no_reward  3D_no_switch  4D_full
            10             0.511             0.514      0.547         0.496         0.499    0.557
            15             0.528             0.522      0.567         0.524         0.516    0.568
            20             0.524             0.543      0.620         0.510         0.529    0.607
            30             0.528             0.614      0.709         0.553         0.561    0.647
            40             0.567             0.618      0.744         0.565         0.609    0.675
            60             0.604             0.681      0.823         0.605         0.617    0.750
            80             0.674             0.703      0.857         0.621         0.662    0.790
